<html>
<body>
<pre>
<h1>礦ision Build Log</h1>
<h2>Project:</h2>
G:\淞幸科技\项目\针灸治疗仪\v4.0 stm32+讯为面板\软件代码\CodeWithGithub\Acupuncture\APP\Project\Project.uvproj
Project File Date:  02/26/2016

<h2>Output:</h2>
Build target 'STM32-IIC-EVAL'
compiling stm32f10x_it.c...
compiling main.c...
compiling Calculate.c...
compiling system_stm32f10x.c...
compiling AD5933.c...
compiling stm32_eval.c...
compiling configure_init.c...
compiling stm32_delay.c...
compiling stm32_eval_wave.c...
compiling dma.c...
linking...
Program Size: Code=17332 RO-data=972 RW-data=328 ZI-data=1864  
FromELF: creating hex file...
After Build - User command #1: fromelf --bin --output=app.bin .\obj\AD5933_TEST.axf
".\Obj\AD5933_TEST.axf" - 0 Error(s), 0 Warning(s).
Load "G:\\淞幸科技\\项目\\针灸治疗仪\\v4.0 stm32+讯为面板\\软件代码\\CodeWithGithub\\Acupuncture\\APP\\Project\\Obj\\AD5933_TEST.axf" 
Set JLink Project File to "G:\淞幸科技\项目\针灸治疗仪\v4.0 stm32+讯为面板\软件代码\CodeWithGithub\Acupuncture\APP\Project\JLinkSettings.ini"
* JLink Info: Device "STM32F103RC" selected (256 KB flash, 48 KB RAM).
 
JLink info:
------------
DLL: V4.80g, compiled Feb 13 2014 20:50:02
Firmware: J-Link ARM V8 compiled Nov 25 2013 19:20:08
Hardware: V8.00
S/N : 17935099 
Feature(s) : RDI,FlashDL,FlashBP,JFlash 
 
* JLink Info: Found SWD-DP with ID 0x1BA01477
* JLink Info: Found SWD-DP with ID 0x1BA01477
* JLink Info: Found Cortex-M3 r1p1, Little endian.
* JLink Info: FPUnit: 6 code (BP) slots and 2 literal slots
* JLink Info: TPIU fitted.
* JLink Info: ETM fitted.
ROMTableAddr = 0xE00FF003
 
Target info:
------------
Device: STM32F103RC
VTarget = 3.325V
State of Pins: 
TCK: 0, TDI: 0, TDO: 0, TMS: 1, TRES: 1, TRST: 1
Hardware-Breakpoints: 6
Software-Breakpoints: 8192
Watchpoints:          4
JTAG speed: 4000 kHz
 
Erase Done.
Programming Done.
Verify OK.
Application running ...
, TMS: 1, TRES: 1, TRST: 1
Hardware-Breakpoints: 6
Software-Breakpoints: 8192
Watchpoints:          4
JTAG speed: 4000 kHz
 
Erase Done.
Programming Done.
Verify OK.
Application running ...
